// Jest Snapshot v1, https://goo.gl/fbAQLP

exports[`matches snapshot, have certain style 1`] = `
<DocumentFragment>
  <div
    class="Box"
  >
    <div
      class="Box-box"
      data-testid="test"
      style="background-color: rgb(0, 0, 0); width: 100px; height: 100px;"
    />
    <button
      class="Box-btn"
      data-testid="del-test"
    >
      X
    </button>
  </div>
</DocumentFragment>
`;
